---
http_interactions:
- request:
    method: post
    uri: http://localhost:8989/v2/workflows
    body:
      encoding: UTF-8
      string: |
        ---
          version: "2.0"
          echo_test:
            type: direct
            tasks:
              echo:
                action: std.echo output="ok"
              async:
                action: std.async_noop
    headers:
      Content-Type:
      - text/plain
      Accept-Encoding:
      - gzip;q=1.0,deflate;q=0.6,identity;q=0.3
      Accept:
      - "*/*"
      User-Agent:
      - Ruby
  response:
    status:
      code: 201
      message: Created
    headers:
      Content-Length:
      - '387'
      Content-Type:
      - application/json
      Date:
      - Sat, 06 Feb 2021 21:59:09 GMT
    body:
      encoding: UTF-8
      string: '{"workflows": [{"definition": "---\n  version: \"2.0\"\n  echo_test:\n    type:
        direct\n    tasks:\n      echo:\n        action: std.echo output=\"ok\"\n      async:\n        action:
        std.async_noop\n", "name": "echo_test", "tags": [], "created_at": "2021-02-06
        21:59:09", "scope": "private", "input": "", "project_id": "<default-project>",
        "id": "f18f6abe-e145-4b93-b1a8-0b2c2258546f"}]}'
    http_version:
  recorded_at: Sat, 06 Feb 2021 21:59:09 GMT
- request:
    method: post
    uri: http://localhost:8989/v2/executions
    body:
      encoding: UTF-8
      string: '{"workflow_id":"f18f6abe-e145-4b93-b1a8-0b2c2258546f"}'
    headers:
      Content-Type:
      - application/json
      Accept-Encoding:
      - gzip;q=1.0,deflate;q=0.6,identity;q=0.3
      Accept:
      - "*/*"
      User-Agent:
      - Ruby
  response:
    status:
      code: 201
      message: Created
    headers:
      Content-Length:
      - '338'
      Content-Type:
      - application/json
      Date:
      - Sat, 06 Feb 2021 21:59:09 GMT
    body:
      encoding: UTF-8
      string: '{"state_info": null, "created_at": "2021-02-06 21:59:09", "description":
        "", "state": "RUNNING", "workflow_name": "echo_test", "task_execution_id":
        null, "updated_at": "2021-02-06 21:59:09", "workflow_id": "f18f6abe-e145-4b93-b1a8-0b2c2258546f",
        "params": "{}", "output": "{}", "input": "{}", "id": "94851037-49bf-4adf-8456-665aed4b32e3"}'
    http_version:
  recorded_at: Sat, 06 Feb 2021 21:59:09 GMT
- request:
    method: get
    uri: http://localhost:8989/v2/tasks?workflow_execution_id=94851037-49bf-4adf-8456-665aed4b32e3
    body:
      encoding: US-ASCII
      string: ''
    headers:
      Accept-Encoding:
      - gzip;q=1.0,deflate;q=0.6,identity;q=0.3
      Accept:
      - "*/*"
      User-Agent:
      - Ruby
  response:
    status:
      code: 200
      message: OK
    headers:
      Content-Length:
      - '748'
      Content-Type:
      - application/json
      Date:
      - Sat, 06 Feb 2021 21:59:09 GMT
    body:
      encoding: UTF-8
      string: '{"tasks": [{"state_info": null, "created_at": "2021-02-06 21:59:09",
        "name": "async", "workflow_name": "echo_test", "state": "RUNNING", "updated_at":
        null, "workflow_execution_id": "94851037-49bf-4adf-8456-665aed4b32e3", "workflow_id":
        "f18f6abe-e145-4b93-b1a8-0b2c2258546f", "processed": false, "published": "{}",
        "type": "ACTION", "id": "f03d7de2-7d3b-475d-a220-a71053d1e4a6"}, {"state_info":
        null, "created_at": "2021-02-06 21:59:09", "name": "echo", "workflow_name":
        "echo_test", "state": "RUNNING", "updated_at": null, "workflow_execution_id":
        "94851037-49bf-4adf-8456-665aed4b32e3", "workflow_id": "f18f6abe-e145-4b93-b1a8-0b2c2258546f",
        "processed": false, "published": "{}", "type": "ACTION", "id": "f86dfeb5-3420-46d8-9ae6-089f614daac4"}]}'
    http_version:
  recorded_at: Sat, 06 Feb 2021 21:59:09 GMT
- request:
    method: get
    uri: http://localhost:8989/v2/action_executions?task_execution_id=f86dfeb5-3420-46d8-9ae6-089f614daac4
    body:
      encoding: US-ASCII
      string: ''
    headers:
      Accept-Encoding:
      - gzip;q=1.0,deflate;q=0.6,identity;q=0.3
      Accept:
      - "*/*"
      User-Agent:
      - Ruby
  response:
    status:
      code: 200
      message: OK
    headers:
      Content-Length:
      - '435'
      Content-Type:
      - application/json
      Date:
      - Sat, 06 Feb 2021 21:59:10 GMT
    body:
      encoding: UTF-8
      string: '{"action_executions": [{"state_info": null, "created_at": "2021-02-06
        21:59:09", "name": "std.echo", "tags": null, "workflow_name": "echo_test",
        "task_execution_id": "f86dfeb5-3420-46d8-9ae6-089f614daac4", "updated_at":
        "2021-02-06 21:59:09", "state": "SUCCESS", "task_name": "echo", "output":
        "{\"result\": \"ok\"}", "input": "{\"output\": \"ok\"}", "accepted": true,
        "id": "f291f828-2dfc-47b6-8718-63e48a82aeee", "description": ""}]}'
    http_version:
  recorded_at: Sat, 06 Feb 2021 21:59:10 GMT
- request:
    method: delete
    uri: http://localhost:8989/v2/workflows/f18f6abe-e145-4b93-b1a8-0b2c2258546f
    body:
      encoding: US-ASCII
      string: ''
    headers:
      Accept-Encoding:
      - gzip;q=1.0,deflate;q=0.6,identity;q=0.3
      Accept:
      - "*/*"
      User-Agent:
      - Ruby
  response:
    status:
      code: 204
      message: No Content
    headers:
      Content-Length:
      - '0'
      Date:
      - Sat, 06 Feb 2021 21:59:11 GMT
    body:
      encoding: UTF-8
      string: ''
    http_version:
  recorded_at: Sat, 06 Feb 2021 21:59:11 GMT
recorded_with: VCR 5.1.0
